Executing action: all (aliases: build)
Running ninja in directory D:\Ai\Print-311-1\build
Executing "ninja all"...
[1/7] Performing build step for 'bootloader'

[1/1] C:\Windows\system32\cmd.exe /C "cd /D D:\Ai\Print-311-1\build\bootloader\esp-idf\esptool_py && D:\Espressif\python_env\idf5.5_py3.13_env\Scripts\python.exe C:/esp/v5.5.3/esp-idf/components/partition_table/check_sizes.py --offset 0x8000 bootloader 0x0 D:/Ai/Print-311-1/build/bootloader/bootloader.bin"


Bootloader binary size 0x5160 bytes. 0x2ea0 bytes (36%) free.



[2/7] No install step for 'bootloader'

[3/7] Completed 'bootloader'

[4/7] Generating esp-idf/esp_system/ld/sections.ld

[5/7] Linking CXX executable empty-project.elf

[6/7] Generating binary image from built executable

esptool.py v4.12.dev1


Creating esp32s3 image...


Merged 2 ELF sections


Successfully created esp32s3 image.


Generated D:/Ai/Print-311-1/build/empty-project.bin

[7/7] C:\Windows\system32\cmd.exe /C "cd /D D:\Ai\Print-311-1\build\esp-idf\esptool_py && D:\Espressif\python_env\idf5.5_py3.13_env\Scripts\python.exe C:/esp/v5.5.3/esp-idf/components/partition_table/check_sizes.py --offset 0x8000 partition --type app D:/Ai/Print-311-1/build/partition_table/partition-table.bin D:/Ai/Print-311-1/build/empty-project.bin"

empty-project.bin binary size 0x1232c0 bytes. Smallest app partition is 0x7de000 bytes. 0x6bad40 bytes (86%) free.




Project build complete. To flash, run:
 idf.py flash
or
 idf.py -p PORT flash
or
 python -m esptool --chip esp32s3 -b 460800 --before default_reset --after hard_reset write_flash --flash_mode dio --flash_size 16MB --flash_freq 80m 0x0 build\bootloader\bootloader.bin 0x8000 build\partition_table\partition-table.bin 0x19000 build\ota_data_initial.bin 0x20000 build\empty-project.bin
or from the "D:\Ai\Print-311-1\build" directory
 python -m esptool --chip esp32s3 -b 460800 --before default_reset --after hard_reset write_flash "@flash_args"
